// Jest Snapshot v1, https://goo.gl/fbAQLP

exports[` 1`] = `
Object {
  "asFragment": [Function],
  "baseElement": <body>
    <div>
      <div>
        <div
          class="flex justify-between space-x-4 border-b mb-8 items-center pb-4 mt-8"
        >
          <nav
            class="space-x-4 py-1"
          >
            <a
              aria-current="page"
              class="bg-slate-200 rounded-lg px-3 py-2 text-slate-700 font-medium"
              href="/"
            >
              Home
            </a>
            <a
              class="link rounded-lg px-3 py-2 text-slate-700 font-medium hover:bg-slate-100 hover:text-slate-900"
              href="/leaderboard"
            >
              Leaderboard
            </a>
            <a
              class="link rounded-lg px-3 py-2 text-slate-700 font-medium hover:bg-slate-100 hover:text-slate-900"
              href="/add"
            >
              New
            </a>
          </nav>
          <nav
            class="justify-end ml-8"
          />
        </div>
        <div
          class=" max-w-xl mx-auto shadow-lg rounded-lg border px-4 py-4 flex flex-col"
        >
          <h1
            class="text-sky-800 text-3xl font-bold text-center mt-4 mb-4"
          >
            Leaderboard
          </h1>
          <div
            class="overflow-x-auto sm:-mx-6 lg:-mx-8"
          >
            <div
              class="py-2 inline-block min-w-full sm:px-6 lg:px-8"
            >
              <div
                class="overflow-hidden"
              >
                <table
                  class="min-w-full"
                >
                  <thead
                    class="border-b"
                  >
                    <tr>
                      <th
                        class="text-sm font-medium text-gray-900 px-6 py-4 text-left"
                        scope="col"
                      >
                        Users
                      </th>
                      <th
                        class="text-sm font-medium text-gray-900 px-6 py-4 text-left"
                        scope="col"
                      >
                        Answered
                      </th>
                      <th
                        class="text-sm font-medium text-gray-900 px-6 py-4 text-left"
                        scope="col"
                      >
                        Created
                      </th>
                    </tr>
                  </thead>
                  <tbody />
                </table>
              </div>
            </div>
          </div>
        </div>
      </div>
    </div>
  </body>,
  "container": <div>
    <div>
      <div
        class="flex justify-between space-x-4 border-b mb-8 items-center pb-4 mt-8"
      >
        <nav
          class="space-x-4 py-1"
        >
          <a
            aria-current="page"
            class="bg-slate-200 rounded-lg px-3 py-2 text-slate-700 font-medium"
            href="/"
          >
            Home
          </a>
          <a
            class="link rounded-lg px-3 py-2 text-slate-700 font-medium hover:bg-slate-100 hover:text-slate-900"
            href="/leaderboard"
          >
            Leaderboard
          </a>
          <a
            class="link rounded-lg px-3 py-2 text-slate-700 font-medium hover:bg-slate-100 hover:text-slate-900"
            href="/add"
          >
            New
          </a>
        </nav>
        <nav
          class="justify-end ml-8"
        />
      </div>
      <div
        class=" max-w-xl mx-auto shadow-lg rounded-lg border px-4 py-4 flex flex-col"
      >
        <h1
          class="text-sky-800 text-3xl font-bold text-center mt-4 mb-4"
        >
          Leaderboard
        </h1>
        <div
          class="overflow-x-auto sm:-mx-6 lg:-mx-8"
        >
          <div
            class="py-2 inline-block min-w-full sm:px-6 lg:px-8"
          >
            <div
              class="overflow-hidden"
            >
              <table
                class="min-w-full"
              >
                <thead
                  class="border-b"
                >
                  <tr>
                    <th
                      class="text-sm font-medium text-gray-900 px-6 py-4 text-left"
                      scope="col"
                    >
                      Users
                    </th>
                    <th
                      class="text-sm font-medium text-gray-900 px-6 py-4 text-left"
                      scope="col"
                    >
                      Answered
                    </th>
                    <th
                      class="text-sm font-medium text-gray-900 px-6 py-4 text-left"
                      scope="col"
                    >
                      Created
                    </th>
                  </tr>
                </thead>
                <tbody />
              </table>
            </div>
          </div>
        </div>
      </div>
    </div>
  </div>,
  "debug": [Function],
  "findAllByAltText": [Function],
  "findAllByDisplayValue": [Function],
  "findAllByLabelText": [Function],
  "findAllByPlaceholderText": [Function],
  "findAllByRole": [Function],
  "findAllByTestId": [Function],
  "findAllByText": [Function],
  "findAllByTitle": [Function],
  "findByAltText": [Function],
  "findByDisplayValue": [Function],
  "findByLabelText": [Function],
  "findByPlaceholderText": [Function],
  "findByRole": [Function],
  "findByTestId": [Function],
  "findByText": [Function],
  "findByTitle": [Function],
  "getAllByAltText": [Function],
  "getAllByDisplayValue": [Function],
  "getAllByLabelText": [Function],
  "getAllByPlaceholderText": [Function],
  "getAllByRole": [Function],
  "getAllByTestId": [Function],
  "getAllByText": [Function],
  "getAllByTitle": [Function],
  "getByAltText": [Function],
  "getByDisplayValue": [Function],
  "getByLabelText": [Function],
  "getByPlaceholderText": [Function],
  "getByRole": [Function],
  "getByTestId": [Function],
  "getByText": [Function],
  "getByTitle": [Function],
  "queryAllByAltText": [Function],
  "queryAllByDisplayValue": [Function],
  "queryAllByLabelText": [Function],
  "queryAllByPlaceholderText": [Function],
  "queryAllByRole": [Function],
  "queryAllByTestId": [Function],
  "queryAllByText": [Function],
  "queryAllByTitle": [Function],
  "queryByAltText": [Function],
  "queryByDisplayValue": [Function],
  "queryByLabelText": [Function],
  "queryByPlaceholderText": [Function],
  "queryByRole": [Function],
  "queryByTestId": [Function],
  "queryByText": [Function],
  "queryByTitle": [Function],
  "rerender": [Function],
  "unmount": [Function],
}
`;
